
> Configure project :
Fabric Loom: 1.14.8

> Task :compileJava UP-TO-DATE
> Task :processResources UP-TO-DATE
> Task :classes UP-TO-DATE
> Task :compileClientJava UP-TO-DATE
> Task :processClientResources UP-TO-DATE
> Task :clientClasses UP-TO-DATE
> Task :generateLog4jConfig UP-TO-DATE
> Task :generateRemapClasspath
> Task :generateDLIConfig UP-TO-DATE
> Task :configureLaunch
> Task :downloadAssets UP-TO-DATE
> Task :configureClientLaunch

> Task :runClient
[34m[21:07:32][m [32m[main/INFO][m [36m(FabricLoader/GameProvider)[m [0mLoading Minecraft 1.21.10 with Fabric Loader 0.18.2
[m[34m[21:07:32][m [32m[main/INFO][m [36m(FabricLoader)[m [0mLoading 51 mods:
	- allay-leash-enhanced 1.21.10
	- fabric-api 0.138.3+1.21.10
	- fabric-api-base 1.0.0+14b92d896f
	- fabric-api-lookup-api-v1 1.6.106+d17682156f
	- fabric-biome-api-v1 16.1.0+c2417d4f6f
	- fabric-block-api-v1 1.1.5+d17682156f
	- fabric-block-view-api-v2 1.0.34+e4fd1b926f
	- fabric-client-gametest-api-v1 4.2.13+14b92d896f
	- fabric-command-api-v2 2.4.0+c0ab2d5d6f
	- fabric-content-registries-v0 10.2.6+b6a242646f
	- fabric-convention-tags-v1 2.1.49+7f945d5b6f
	- fabric-convention-tags-v2 2.17.0+ff7bc77d6f
	- fabric-crash-report-info-v1 0.3.18+33df5e6e6f
	- fabric-data-attachment-api-v1 1.8.33+cd3b9e596f
	- fabric-data-generation-api-v1 23.2.27+d8b85ef16f
	- fabric-dimensions-v1 4.0.22+38b9cc196f
	- fabric-entity-events-v1 2.1.13+fde3702c6f
	- fabric-events-interaction-v0 4.0.36+5ba217126f
	- fabric-game-rule-api-v1 1.1.1+e47eaae56f
	- fabric-gametest-api-v1 3.1.21+33df5e6e6f
	- fabric-item-api-v1 11.5.11+9bce411b6f
	- fabric-item-group-api-v1 4.2.27+86b3ae576f
	- fabric-key-binding-api-v1 1.1.1+b3ba9c486f
	- fabric-lifecycle-events-v1 2.6.9+33df5e6e6f
	- fabric-loot-api-v2 3.0.67+3f89f5a56f
	- fabric-loot-api-v3 2.0.14+d17682156f
	- fabric-message-api-v1 6.1.7+3154c1c86f
	- fabric-model-loading-api-v1 6.0.4+3ffd6ef06f
	- fabric-networking-api-v1 5.1.0+b095d8db6f
	- fabric-object-builder-api-v1 21.1.28+9bce411b6f
	- fabric-particles-v1 4.2.3+a0ee59a46f
	- fabric-recipe-api-v1 8.2.0+39709ef06f
	- fabric-registry-sync-v0 6.1.42+679c8c5c6f
	- fabric-renderer-api-v1 7.2.2+3706cdf36f
	- fabric-renderer-indigo 4.1.3+d7df91576f
	- fabric-rendering-fluids-v1 3.1.38+86b3ae576f
	- fabric-rendering-v1 16.2.0+bee81f016f
	- fabric-resource-conditions-api-v1 5.0.28+33df5e6e6f
	- fabric-resource-loader-v0 3.3.1+d4d4122a6f
	- fabric-resource-loader-v1 1.0.4+14959b836f
	- fabric-screen-api-v1 3.1.0+9c82a7986f
	- fabric-screen-handler-api-v1 1.3.151+d17682156f
	- fabric-serialization-api-v1 1.0.0+d857c9766f
	- fabric-sound-api-v1 1.0.45+328a75ba6f
	- fabric-tag-api-v1 1.2.13+2fa446b26f
	- fabric-transfer-api-v1 6.0.15+79ec2c126f
	- fabric-transitive-access-wideners-v1 6.5.3+41eb43436f
	- fabricloader 0.18.2
	- java 23
	- minecraft 1.21.10
	- mixinextras 0.5.0
[m[34m[21:07:33][m [32m[main/INFO][m [36m(FabricLoader/Mixin)[m [0mSpongePowered MIXIN Subsystem Version=0.8.7 Source=file:/C:/Users/niall/.gradle/caches/modules-2/files-2.1/net.fabricmc/sponge-mixin/0.16.5+mixin.0.8.7/80fc3a9f592673cea87f4cd702f87991c6c9fe4d/sponge-mixin-0.16.5+mixin.0.8.7.jar Service=Knot/Fabric Env=CLIENT
[m[34m[21:07:33][m [32m[main/INFO][m [36m(FabricLoader/Mixin)[m [0mLoaded Fabric development mappings for mixin remapper!
[m[34m[21:07:33][m [32m[main/INFO][m [36m(FabricLoader/Mixin)[m [0mCompatibility level set to JAVA_21
[m[34m[21:07:34][m [31m[main/ERROR][m [36m(FabricLoader/Mixin)[m [31mMixin prepare for mod allay-leash-enhanced failed preparing MobLeashMixin in allay-leash-enhanced.mixins.json: org.spongepowered.asm.mixin.transformer.throwables.InvalidMixinException @Mixin target type mismatch: net.minecraft.world.entity.Leashable is an interface in org.spongepowered.asm.mixin.transformer.MixinInfo$SubType$Standard@6b68cb27
[m org.spongepowered.asm.mixin.transformer.throwables.InvalidMixinException: @Mixin target type mismatch: net.minecraft.world.entity.Leashable is an interface in org.spongepowered.asm.mixin.transformer.MixinInfo$SubType$Standard@6b68cb27
	at org.spongepowered.asm.mixin.transformer.MixinInfo$SubType.validateTarget(MixinInfo.java:552) ~[sponge-mixin-0.16.5+mixin.0.8.7.jar:0.16.5+mixin.0.8.7]
	at org.spongepowered.asm.mixin.transformer.MixinInfo.getTargetClass(MixinInfo.java:1026) ~[sponge-mixin-0.16.5+mixin.0.8.7.jar:0.16.5+mixin.0.8.7]
	at org.spongepowered.asm.mixin.transformer.MixinInfo.readTargetClasses(MixinInfo.java:1007) ~[sponge-mixin-0.16.5+mixin.0.8.7.jar:0.16.5+mixin.0.8.7]
	at org.spongepowered.asm.mixin.transformer.MixinInfo.parseTargets(MixinInfo.java:895) ~[sponge-mixin-0.16.5+mixin.0.8.7.jar:0.16.5+mixin.0.8.7]
	at org.spongepowered.asm.mixin.transformer.MixinConfig.prepareMixins(MixinConfig.java:950) ~[sponge-mixin-0.16.5+mixin.0.8.7.jar:0.16.5+mixin.0.8.7]
	at org.spongepowered.asm.mixin.transformer.MixinConfig.prepare(MixinConfig.java:858) ~[sponge-mixin-0.16.5+mixin.0.8.7.jar:0.16.5+mixin.0.8.7]
	at org.spongepowered.asm.mixin.transformer.MixinProcessor.prepareConfigs(MixinProcessor.java:588) [sponge-mixin-0.16.5+mixin.0.8.7.jar:0.16.5+mixin.0.8.7]
	at org.spongepowered.asm.mixin.transformer.MixinProcessor.select(MixinProcessor.java:510) [sponge-mixin-0.16.5+mixin.0.8.7.jar:0.16.5+mixin.0.8.7]
	at org.spongepowered.asm.mixin.transformer.MixinProcessor.checkSelect(MixinProcessor.java:486) [sponge-mixin-0.16.5+mixin.0.8.7.jar:0.16.5+mixin.0.8.7]
	at org.spongepowered.asm.mixin.transformer.MixinProcessor.lockAndSelect(MixinProcessor.java:438) [sponge-mixin-0.16.5+mixin.0.8.7.jar:0.16.5+mixin.0.8.7]
	at org.spongepowered.asm.mixin.transformer.MixinProcessor.couldTransformClass(MixinProcessor.java:398) [sponge-mixin-0.16.5+mixin.0.8.7.jar:0.16.5+mixin.0.8.7]
	at org.spongepowered.asm.mixin.transformer.MixinTransformer.couldTransformClass(MixinTransformer.java:265) [sponge-mixin-0.16.5+mixin.0.8.7.jar:0.16.5+mixin.0.8.7]
	at org.spongepowered.asm.mixin.transformer.MixinTransformer.transformClass(MixinTransformer.java:233) [sponge-mixin-0.16.5+mixin.0.8.7.jar:0.16.5+mixin.0.8.7]
	at org.spongepowered.asm.mixin.transformer.MixinTransformer.transformClassBytes(MixinTransformer.java:202) [sponge-mixin-0.16.5+mixin.0.8.7.jar:0.16.5+mixin.0.8.7]
	at net.fabricmc.loader.impl.launch.knot.KnotClassDelegate.getPostMixinClassByteArray(KnotClassDelegate.java:435) [fabric-loader-0.18.2.jar:?]
	at net.fabricmc.loader.impl.launch.knot.KnotClassDelegate.tryLoadClass(KnotClassDelegate.java:336) [fabric-loader-0.18.2.jar:?]
	at net.fabricmc.loader.impl.launch.knot.KnotClassDelegate.loadClass(KnotClassDelegate.java:231) [fabric-loader-0.18.2.jar:?]
	at net.fabricmc.loader.impl.launch.knot.KnotClassLoader.loadClass(KnotClassLoader.java:119) [fabric-loader-0.18.2.jar:?]
	at java.base/java.lang.ClassLoader.loadClass(ClassLoader.java:528) [?:?]
	at net.fabricmc.loader.impl.game.minecraft.MinecraftGameProvider.launch(MinecraftGameProvider.java:507) [fabric-loader-0.18.2.jar:?]
	at net.fabricmc.loader.impl.launch.knot.Knot.launch(Knot.java:72) [fabric-loader-0.18.2.jar:?]
	at net.fabricmc.loader.impl.launch.knot.KnotClient.main(KnotClient.java:23) [fabric-loader-0.18.2.jar:?]
	at net.fabricmc.devlaunchinjector.Main.main(Main.java:86) [dev-launch-injector-0.2.1+build.8.jar:?]
[34m[21:07:34][m [31m[main/ERROR][m [36m(FabricLoader)[m [31mUncaught exception in thread "main"
[m java.lang.RuntimeException: Mixin transformation of net.minecraft.client.main.Main failed
	at net.fabricmc.loader.impl.launch.knot.KnotClassDelegate.getPostMixinClassByteArray(KnotClassDelegate.java:440) ~[fabric-loader-0.18.2.jar:?]
	at net.fabricmc.loader.impl.launch.knot.KnotClassDelegate.tryLoadClass(KnotClassDelegate.java:336) ~[fabric-loader-0.18.2.jar:?]
	at net.fabricmc.loader.impl.launch.knot.KnotClassDelegate.loadClass(KnotClassDelegate.java:231) ~[fabric-loader-0.18.2.jar:?]
	at net.fabricmc.loader.impl.launch.knot.KnotClassLoader.loadClass(KnotClassLoader.java:119) ~[fabric-loader-0.18.2.jar:?]
	at java.base/java.lang.ClassLoader.loadClass(ClassLoader.java:528) ~[?:?]
	at net.fabricmc.loader.impl.game.minecraft.MinecraftGameProvider.launch(MinecraftGameProvider.java:507) ~[fabric-loader-0.18.2.jar:?]
	at net.fabricmc.loader.impl.launch.knot.Knot.launch(Knot.java:72) ~[fabric-loader-0.18.2.jar:?]
	at net.fabricmc.loader.impl.launch.knot.KnotClient.main(KnotClient.java:23) ~[fabric-loader-0.18.2.jar:?]
	at net.fabricmc.devlaunchinjector.Main.main(Main.java:86) ~[dev-launch-injector-0.2.1+build.8.jar:?]
Caused by: org.spongepowered.asm.mixin.throwables.MixinApplyError: Mixin [allay-leash-enhanced.mixins.json:MobLeashMixin from mod allay-leash-enhanced] from phase [DEFAULT] in config [allay-leash-enhanced.mixins.json] FAILED during PREPARE
	at org.spongepowered.asm.mixin.transformer.MixinProcessor.handleMixinError(MixinProcessor.java:686) ~[sponge-mixin-0.16.5+mixin.0.8.7.jar:0.16.5+mixin.0.8.7]
	at org.spongepowered.asm.mixin.transformer.MixinProcessor.handleMixinPrepareError(MixinProcessor.java:633) ~[sponge-mixin-0.16.5+mixin.0.8.7.jar:0.16.5+mixin.0.8.7]
	at org.spongepowered.asm.mixin.transformer.MixinProcessor.prepareConfigs(MixinProcessor.java:591) ~[sponge-mixin-0.16.5+mixin.0.8.7.jar:0.16.5+mixin.0.8.7]
	at org.spongepowered.asm.mixin.transformer.MixinProcessor.select(MixinProcessor.java:510) ~[sponge-mixin-0.16.5+mixin.0.8.7.jar:0.16.5+mixin.0.8.7]
	at org.spongepowered.asm.mixin.transformer.MixinProcessor.checkSelect(MixinProcessor.java:486) ~[sponge-mixin-0.16.5+mixin.0.8.7.jar:0.16.5+mixin.0.8.7]
	at org.spongepowered.asm.mixin.transformer.MixinProcessor.lockAndSelect(MixinProcessor.java:438) ~[sponge-mixin-0.16.5+mixin.0.8.7.jar:0.16.5+mixin.0.8.7]
	at org.spongepowered.asm.mixin.transformer.MixinProcessor.couldTransformClass(MixinProcessor.java:398) ~[sponge-mixin-0.16.5+mixin.0.8.7.jar:0.16.5+mixin.0.8.7]
	at org.spongepowered.asm.mixin.transformer.MixinTransformer.couldTransformClass(MixinTransformer.java:265) ~[sponge-mixin-0.16.5+mixin.0.8.7.jar:0.16.5+mixin.0.8.7]
	at org.spongepowered.asm.mixin.transformer.MixinTransformer.transformClass(MixinTransformer.java:233) ~[sponge-mixin-0.16.5+mixin.0.8.7.jar:0.16.5+mixin.0.8.7]
	at org.spongepowered.asm.mixin.transformer.MixinTransformer.transformClassBytes(MixinTransformer.java:202) ~[sponge-mixin-0.16.5+mixin.0.8.7.jar:0.16.5+mixin.0.8.7]
	at net.fabricmc.loader.impl.launch.knot.KnotClassDelegate.getPostMixinClassByteArray(KnotClassDelegate.java:435) ~[fabric-loader-0.18.2.jar:?]
	... 8 more
Caused by: org.spongepowered.asm.mixin.transformer.throwables.InvalidMixinException: @Mixin target type mismatch: net.minecraft.world.entity.Leashable is an interface in org.spongepowered.asm.mixin.transformer.MixinInfo$SubType$Standard@6b68cb27
	at org.spongepowered.asm.mixin.transformer.MixinInfo$SubType.validateTarget(MixinInfo.java:552) ~[sponge-mixin-0.16.5+mixin.0.8.7.jar:0.16.5+mixin.0.8.7]
	at org.spongepowered.asm.mixin.transformer.MixinInfo.getTargetClass(MixinInfo.java:1026) ~[sponge-mixin-0.16.5+mixin.0.8.7.jar:0.16.5+mixin.0.8.7]
	at org.spongepowered.asm.mixin.transformer.MixinInfo.readTargetClasses(MixinInfo.java:1007) ~[sponge-mixin-0.16.5+mixin.0.8.7.jar:0.16.5+mixin.0.8.7]
	at org.spongepowered.asm.mixin.transformer.MixinInfo.parseTargets(MixinInfo.java:895) ~[sponge-mixin-0.16.5+mixin.0.8.7.jar:0.16.5+mixin.0.8.7]
	at org.spongepowered.asm.mixin.transformer.MixinConfig.prepareMixins(MixinConfig.java:950) ~[sponge-mixin-0.16.5+mixin.0.8.7.jar:0.16.5+mixin.0.8.7]
	at org.spongepowered.asm.mixin.transformer.MixinConfig.prepare(MixinConfig.java:858) ~[sponge-mixin-0.16.5+mixin.0.8.7.jar:0.16.5+mixin.0.8.7]
	at org.spongepowered.asm.mixin.transformer.MixinProcessor.prepareConfigs(MixinProcessor.java:588) ~[sponge-mixin-0.16.5+mixin.0.8.7.jar:0.16.5+mixin.0.8.7]
	at org.spongepowered.asm.mixin.transformer.MixinProcessor.select(MixinProcessor.java:510) ~[sponge-mixin-0.16.5+mixin.0.8.7.jar:0.16.5+mixin.0.8.7]
	at org.spongepowered.asm.mixin.transformer.MixinProcessor.checkSelect(MixinProcessor.java:486) ~[sponge-mixin-0.16.5+mixin.0.8.7.jar:0.16.5+mixin.0.8.7]
	at org.spongepowered.asm.mixin.transformer.MixinProcessor.lockAndSelect(MixinProcessor.java:438) ~[sponge-mixin-0.16.5+mixin.0.8.7.jar:0.16.5+mixin.0.8.7]
	at org.spongepowered.asm.mixin.transformer.MixinProcessor.couldTransformClass(MixinProcessor.java:398) ~[sponge-mixin-0.16.5+mixin.0.8.7.jar:0.16.5+mixin.0.8.7]
	at org.spongepowered.asm.mixin.transformer.MixinTransformer.couldTransformClass(MixinTransformer.java:265) ~[sponge-mixin-0.16.5+mixin.0.8.7.jar:0.16.5+mixin.0.8.7]
	at org.spongepowered.asm.mixin.transformer.MixinTransformer.transformClass(MixinTransformer.java:233) ~[sponge-mixin-0.16.5+mixin.0.8.7.jar:0.16.5+mixin.0.8.7]
	at org.spongepowered.asm.mixin.transformer.MixinTransformer.transformClassBytes(MixinTransformer.java:202) ~[sponge-mixin-0.16.5+mixin.0.8.7.jar:0.16.5+mixin.0.8.7]
	at net.fabricmc.loader.impl.launch.knot.KnotClassDelegate.getPostMixinClassByteArray(KnotClassDelegate.java:435) ~[fabric-loader-0.18.2.jar:?]
	... 8 more

> Task :runClient FAILED

FAILURE: Build failed with an exception.

* What went wrong:
Execution failed for task ':runClient'.
> Process 'command 'C:\Program Files\Java\jdk-23\bin\java.exe'' finished with non-zero exit value 1

* Try:
> Run with --stacktrace option to get the stack trace.
> Run with --info or --debug option to get more log output.
> Run with --scan to generate a Build Scan (powered by Develocity).
> Get more help at https://help.gradle.org.

BUILD FAILED in 4m 20s
9 actionable tasks: 2 executed, 7 up-to-date
